2026-09-10 16:52:47
PATTERN ARMED — streak [6, 6, 4]

2026-09-10 16:52:51
BET FAILED — match 751666213: auth read failed: no 1xbet.cm tab open -- can't read localStorage

2026-09-10 18:59:45
PATTERN ARMED — streak [5, 5, 6]

2026-09-10 19:00:11
BET PLACED — 90 on Roma vs Chelsea (match 751703117) Total. 1st half Over 6.5 @ 1.55

2026-09-10 19:09:57
SETTLED — Roma vs Chelsea: LOST (1st half total 5)

2026-09-10 20:49:14
PATTERN ARMED — streak [5, 0, 3]

2026-09-10 20:52:17
BET FAILED — match 751705934: auth read failed: BrowserType.connect_over_cdp: Timeout 180000ms exceeded.
Call log:
  - <ws preparing> retrieving websocket url from http://127.0.0.1:9222
  - <ws connecting> ws://127.0.0.1:9222/devtools/browser/f6ae2b97-1a7f-404f-9ae2-f483da08a029
  - <ws connected> ws://127.0.0.1:9222/devtools/browser/f6ae2b97-1a7f-404f-9ae2-f483da08a029


2026-09-10 22:59:31
PATTERN ARMED — Total. 1st half Over 6.5 — streak [3, 6, 4]

2026-09-10 22:59:45
BET PLACED — 90 on Fenerbahce vs Roma (match 751747737) Total. 1st half Over 6.5 @ 1.52

2026-09-10 23:10:26
SETTLED — Fenerbahce vs Roma: WON (Total. 1st half Over 6.5 total 7)

2026-09-11 01:26:00
PATTERN ARMED — Total. 2nd half Under 7.5 — streak [9, 8, 11]

2026-09-11 01:26:14
BET PLACED — 90 on Heart of Midlothian vs West Ham United (match 751771205) Total. 2nd half Under 7.5 @ 1.81

2026-09-11 07:39:59
PATTERN ARMED — Total. 1st half Over 6.5 — streak [4, 6, 6]

2026-09-11 07:40:04
BET FAILED [Total. 1st half Over 6.5] — match 751804134: market not open (stale-fire guard)

2026-09-11 07:45:30
PATTERN ARMED — Total. 2nd half Under 7.5 — streak [8, 10, 9]

2026-09-11 07:45:30
BET FAILED [Total. 2nd half Under 7.5] — match 751804134: mutual exclusion: match 751804134 already targeted 
by 1st_half_over_6.5_streak

2026-09-11 08:30:02
PATTERN ARMED — Total. 1st half Over 6.5 — streak [5, 6]

2026-09-11 08:30:13
BET PLACED — 90 on Fenerbahce vs Basel (match 751837589) Total. 1st half Over 6.5 @ 1.53

2026-09-11 08:40:26
SETTLED — Fenerbahce vs Basel: WON (Total. 1st half Over 6.5 total 9)

2026-09-11 09:09:44
PATTERN ARMED — Total. 1st half Over 6.5 — streak [4, 4]

2026-09-11 09:09:51
BET FAILED [Total. 1st half Over 6.5] — match 751847750: odds lookup failed: Server disconnected without 
sending a response.

2026-09-11 09:39:15
PATTERN ARMED — Total. 1st half Over 6.5 — streak [6, 3]

2026-09-11 09:39:24
BET PLACED — 90 on Red Bull vs Fenerbahce (match 751852971) Total. 1st half Over 6.5 @ 1.62

2026-09-11 09:50:30
SETTLED — Red Bull vs Fenerbahce: WON (Total. 1st half Over 6.5 total 7)

2026-09-11 12:25:43
PATTERN ARMED — Total. 2nd half Under 7.5 — streak [8, 10, 10]

2026-09-11 12:26:00
BET PLACED — 90 on West Ham United vs Anderlecht (match 751890873) Total. 2nd half Under 7.5 @ 1.75

2026-09-11 12:39:37
PATTERN ARMED — Total. 1st half Over 6.5 — streak [6, 4]

2026-09-11 12:39:55
BET PLACED — 90 on Borussia Monchengladbach vs Fiorentina (match 751895267) Total. 1st half Over 6.5 @ 1.49

2026-09-11 12:44:24
SETTLED — West Ham United vs Anderlecht: WON (Total. 2nd half Under 7.5 total 6)

2026-09-11 12:50:03
SETTLED — Borussia Monchengladbach vs Fiorentina: LOST (Total. 1st half Over 6.5 total 6)

2026-09-11 14:19:09
PATTERN ARMED — Total. 1st half Over 6.5 — streak [5, 3]

2026-09-11 14:19:16
BET PLACED — 90 on Villarreal vs Roma (match 751918006) Total. 1st half Over 6.5 @ 1.41

2026-09-11 14:24:48
PATTERN ARMED — Total. 2nd half Under 7.5 — streak [9, 9, 10]

2026-09-11 14:24:48
BET FAILED [Total. 2nd half Under 7.5] — match 751918006: mutual exclusion: match 751918006 already targeted 
by 1st_half_over_6.5_streak

2026-09-11 14:30:56
SETTLED — Villarreal vs Roma: WON (Total. 1st half Over 6.5 total 10)

2026-09-11 16:39:03
PATTERN ARMED — Total. 1st half Over 6.5 — streak [3, 2]

2026-09-11 16:39:06
BET PLACED — 90 on Fenerbahce vs AZ Alkmaar (match 751952332) Total. 1st half Over 6.5 @ 1.66

2026-09-11 16:49:44
SETTLED — Fenerbahce vs AZ Alkmaar: LOST (Total. 1st half Over 6.5 total 5)

2026-09-11 17:05:36
PATTERN ARMED — Total. 2nd half Under 7.5 — streak [8, 9, 10]

2026-09-11 17:05:41
BET PLACED — 90 on Villarreal vs Nice (match 751958230) Total. 2nd half Under 7.5 @ 1.77

2026-09-11 17:09:25
PATTERN ARMED — Total. 1st half Over 6.5 — streak [6, 3]

2026-09-11 17:09:25
BET FAILED [Total. 1st half Over 6.5] — match 751958230: mutual exclusion: match 751958230 already targeted by
2nd_half_under_7.5_streak

2026-09-11 17:25:10
SETTLED — Villarreal vs Nice: LOST (Total. 2nd half Under 7.5 total 9)

2026-09-11 17:40:05
PATTERN ARMED — Total. 1st half Over 6.5 — streak [5, 6]

2026-09-11 17:40:08
BET PLACED — 90 on Braga vs Chelsea (match 751967258) Total. 1st half Over 6.5 @ 1.47

2026-09-11 17:50:50
SETTLED — Braga vs Chelsea: WON (Total. 1st half Over 6.5 total 8)

2026-09-11 18:10:01
PATTERN ARMED — Total. 1st half Over 6.5 — streak [6, 6]

2026-09-11 18:10:04
BET PLACED — 90 on AZ Alkmaar vs West Ham United (match 751973022) Total. 1st half Over 6.5 @ 1.89

2026-09-11 18:20:31
SETTLED — AZ Alkmaar vs West Ham United: WON (Total. 1st half Over 6.5 total 8)

2026-09-11 19:49:33
PATTERN ARMED — Total. 1st half Over 6.5 — streak [3, 4]

2026-09-11 19:49:41
BET PLACED — 90 on Basel vs Fenerbahce (match 752001186) Total. 1st half Over 6.5 @ 1.62

2026-09-11 20:00:05
SETTLED — Basel vs Fenerbahce: LOST (Total. 1st half Over 6.5 total 6)

2026-09-11 20:29:55
PATTERN ARMED — Total. 1st half Over 6.5 — streak [4, 5]

2026-09-11 20:30:00
BET PLACED — 90 on Braga vs Eintracht Frankfurt (match 752010692) Total. 1st half Over 6.5 @ 1.41

2026-09-11 20:39:35
SETTLED — Braga vs Eintracht Frankfurt: LOST (Total. 1st half Over 6.5 total 3)

2026-09-12 05:39:39
PATTERN ARMED — Total. 1st half Over 6.5 — streak [6, 5]

2026-09-12 05:39:45
BET FAILED [Total. 1st half Over 6.5] — match 752031890: market not open (stale-fire guard)

2026-09-12 11:49:27
PATTERN ARMED — Total. 1st half Over 6.5 — streak [6, 3]

2026-09-12 11:50:33
BET FAILED [Total. 1st half Over 6.5] — match 752181916: odds lookup failed: 

2026-09-12 12:19:19
PATTERN ARMED — Total. 1st half Over 6.5 — streak [4, 3]

2026-09-12 12:19:42
BET PLACED — 90 on Nice vs Olympiacos (match 752188570) Total. 1st half Over 6.5 @ 1.58

2026-09-12 12:31:26
SETTLED — Nice vs Olympiacos: WON (Total. 1st half Over 6.5 total 11)

2026-09-12 13:09:33
PATTERN ARMED — Total. 1st half Over 6.5 — streak [5, 3]

2026-09-12 13:09:41
BET PLACED — 90 on West Ham United vs Fiorentina (match 752201830) Total. 1st half Over 6.5 @ 1.55

2026-09-12 13:20:40
SETTLED — West Ham United vs Fiorentina: WON (Total. 1st half Over 6.5 total 7)

2026-09-12 13:50:01
PATTERN ARMED — Total. 1st half Over 6.5 — streak [2, 6]

2026-09-12 13:50:18
BET PLACED — 90 on Braga vs Heart of Midlothian (match 752211385) Total. 1st half Over 6.5 @ 1.39

2026-09-12 14:04:16
SETTLED — Braga vs Heart of Midlothian: WON (Total. 1st half Over 6.5 total 9)

--- DIVERGENT LOG RECONCILIATION (git stash-pop conflict, resolved 2026-09-13) ---
The two blocks below cover 2026-09-12 16:30 through 2026-09-13 04:49 and
were produced by two different bettor process runs observing the same
live rounds (same match ids, same streak progressions) with contradictory
outcomes — one run's browser auth was broken (every fire below auth-failed),
the other's worked (bets were actually placed and settled). Neither side
was discarded or asserted as the authoritative real-money record; reconcile
against the actual 1xbet account bet history before treating either block
as ground truth.

[[ RUN A — all bets auth-failed this period ]]
2026-09-12 16:30:17
2026-09-12 16:30:17
PATTERN ARMED — Total. 1st half Over 6.5 — streak [4, 6]

PATTERN ARMED — Total. 1st half Over 6.5 — streak [4, 6]

2026-09-12 16:30:19
BET FAILED [Total. 1st half Over 6.5] — match 752279347: auth read failed: no access_token cookie -- is the 
browser logged in?

2026-09-12 16:30:19
BET FAILED [Total. 1st half Over 6.5] — match 752279347: auth read failed: no access_token cookie -- is the 
browser logged in?

2026-09-12 16:59:31
PATTERN ARMED — Total. 1st half Over 6.5 — streak [5, 4]

2026-09-12 16:59:31
PATTERN ARMED — Total. 1st half Over 6.5 — streak [5, 4]

2026-09-12 16:59:33
2026-09-12 16:59:33
BET FAILED [Total. 1st half Over 6.5] — match 752289855: auth read failed: no access_token cookie -- is the 
browser logged in?

BET FAILED [Total. 1st half Over 6.5] — match 752289855: auth read failed: no access_token cookie -- is the 
browser logged in?

2026-09-12 21:20:02
PATTERN ARMED — Total. 1st half Over 6.5 — streak [4, 5]

2026-09-12 21:20:05
BET FAILED [Total. 1st half Over 6.5] — match 752355877: auth read failed: no access_token cookie -- is the 
browser logged in?

2026-09-12 23:19:47
PATTERN ARMED — Total. 1st half Over 6.5 — streak [6, 4]

2026-09-12 23:19:48
BET FAILED [Total. 1st half Over 6.5] — match 752378083: auth read failed: no access_token cookie -- is the 
browser logged in?

2026-09-12 23:49:33
PATTERN ARMED — Total. 1st half Over 6.5 — streak [6, 5]

2026-09-12 23:49:34
BET FAILED [Total. 1st half Over 6.5] — match 752384426: auth read failed: no access_token cookie -- is the 
browser logged in?

2026-09-13 00:39:28
PATTERN ARMED — Total. 1st half Over 6.5 — streak [6, 3]

2026-09-13 00:39:28
BET FAILED [Total. 1st half Over 6.5] — match 752392458: auth read failed: no access_token cookie -- is the 
browser logged in?

2026-09-13 01:20:03
PATTERN ARMED — Total. 1st half Over 6.5 — streak [4, 6]

2026-09-13 01:20:04
BET FAILED [Total. 1st half Over 6.5] — match 752399686: auth read failed: no access_token cookie -- is the 
browser logged in?

2026-09-13 02:19:55
PATTERN ARMED — Total. 1st half Over 6.5 — streak [6, 5]

2026-09-13 02:19:56
BET FAILED [Total. 1st half Over 6.5] — match 752409449: auth read failed: no access_token cookie -- is the 
browser logged in?

2026-09-13 03:29:55
PATTERN ARMED — Total. 1st half Over 6.5 — streak [6, 6]

2026-09-13 03:29:56
BET FAILED [Total. 1st half Over 6.5] — match 752421175: auth read failed: no access_token cookie -- is the 
browser logged in?

2026-09-13 04:49:31
PATTERN ARMED — Total. 1st half Over 6.5 — streak [6, 4]

2026-09-13 04:49:32
BET FAILED [Total. 1st half Over 6.5] — match 752432747: auth read failed: no access_token cookie -- is the 
browser logged in?

[[ RUN B — bets actually placed/settled this period ]]
2026-09-12 17:30:03
PATTERN ARMED — Total. 1st half Over 6.5 — streak [4, 6]

2026-09-12 17:30:14
BET PLACED — 90 on Villarreal vs Eintracht Frankfurt (match 752279347) Total. 1st half Over 6.5 @ 1.51

2026-09-12 17:39:46
SETTLED — Villarreal vs Eintracht Frankfurt: LOST (Total. 1st half Over 6.5 total 5)

2026-09-13 00:19:37
PATTERN ARMED — Total. 1st half Over 6.5 — streak [6, 4]

2026-09-13 00:19:43
BET FAILED [Total. 1st half Over 6.5] — match 752378083: auth read failed: no access_token cookie -- is the 
browser logged in?

2026-09-13 00:49:35
PATTERN ARMED — Total. 1st half Over 6.5 — streak [6, 5]

2026-09-13 00:49:42
BET FAILED [Total. 1st half Over 6.5] — match 752384426: odds lookup failed: Server disconnected without 
sending a response.

2026-09-13 01:39:28
PATTERN ARMED — Total. 1st half Over 6.5 — streak [6, 3]

2026-09-13 01:39:36
BET PLACED — 90 on Chelsea vs AZ Alkmaar (match 752392458) Total. 1st half Over 6.5 @ 1.90

2026-09-13 01:49:40
SETTLED — Chelsea vs AZ Alkmaar: LOST (Total. 1st half Over 6.5 total 4)

2026-09-13 02:19:58
PATTERN ARMED — Total. 1st half Over 6.5 — streak [4, 6]

2026-09-13 02:20:05
BET PLACED — 90 on Red Bull vs Lille OSC (match 752399686) Total. 1st half Over 6.5 @ 1.54

2026-09-13 02:30:30
SETTLED — Red Bull vs Lille OSC: WON (Total. 1st half Over 6.5 total 7)

2026-09-13 03:19:49
PATTERN ARMED — Total. 1st half Over 6.5 — streak [6, 5]

2026-09-13 03:19:57
BET FAILED [Total. 1st half Over 6.5] — match 752409449: odds lookup failed: Server disconnected without 
sending a response.

2026-09-13 04:29:48
PATTERN ARMED — Total. 1st half Over 6.5 — streak [6, 6]

2026-09-13 04:29:56
BET PLACED — 90 on Roma vs Chelsea (match 752421175) Total. 1st half Over 6.5 @ 1.55

2026-09-13 04:40:44
SETTLED — Roma vs Chelsea: WON (Total. 1st half Over 6.5 total 9)
--- END DIVERGENT LOG RECONCILIATION ---

2026-09-13 13:09:33
PATTERN ARMED — Total. 1st half Over 6.5 — streak [5, 4]

2026-09-13 13:09:37
BET FAILED [Total. 1st half Over 6.5] — match 752526771: auth read failed: no access_token cookie -- is the 
browser logged in?

2026-09-13 13:40:36
PATTERN ARMED — Double Chance. 1st half 1X — streak ['2X', '2X']

2026-09-13 13:40:39
BET FAILED [Double Chance. 1st half 1X] — match 752533846: auth read failed: no access_token cookie -- is the 
browser logged in?

2026-09-13 15:09:59
PATTERN ARMED — Total. 1st half Over 6.5 — streak [5, 5]

2026-09-13 15:10:07
BET PLACED — 90 on Olympiacos vs AZ Alkmaar (match 752559381) Total. 1st half Over 6.5 @ 1.66

2026-09-13 15:20:07
SETTLED — Olympiacos vs AZ Alkmaar: LOST (Total. 1st half Over 6.5 total 6)

2026-09-13 16:10:12
PATTERN ARMED — Total. 1st half Over 6.5 — streak [6, 6]

2026-09-13 16:10:15
BET FAILED [Total. 1st half Over 6.5] — match 752577502: auth read failed: no access_token cookie -- is the 
browser logged in?

2026-09-13 22:00:49
PATTERN ARMED — Double Chance. 1st half 1X — streak ['2X', '2X']

2026-09-13 22:00:53
BET FAILED [Double Chance. 1st half 1X] — match 752664512: request failed: Client error '400 Bad Request' for 
url 'https://1xbet.cm/service-api/LiveBet/Secure/MakeBetWeb'
For more information check: https://developer.mozilla.org/en-US/docs/Web/HTTP/Status/400

2026-09-13 23:10:06
PATTERN ARMED — Total. 1st half Over 6.5 — streak [5, 4]

2026-09-13 23:10:09
BET FAILED [Total. 1st half Over 6.5] — match 752668997: auth read failed: no access_token cookie -- is the 
browser logged in?

2026-09-14 01:09:48
PATTERN ARMED — Total. 1st half Over 6.5 — streak [2, 6]

2026-09-14 01:09:59
BET PLACED — 90 on Celta vs Villarreal (match 752697201) Total. 1st half Over 6.5 @ 1.63

2026-09-14 01:21:39
SETTLED — Celta vs Villarreal: WON (Total. 1st half Over 6.5 total 12)

2026-09-14 01:29:14
PATTERN ARMED — Double Chance. 1st half 1X — streak ['2X', '2X']

2026-09-14 01:29:21
BET FAILED [Double Chance. 1st half 1X] — match 752699317: request failed: Client error '400 Bad Request' for 
url 'https://1xbet.cm/service-api/LiveBet/Secure/MakeBetWeb'
For more information check: https://developer.mozilla.org/en-US/docs/Web/HTTP/Status/400

2026-09-14 03:19:16
PATTERN ARMED — Total. 1st half Over 6.5 — streak [5, 4]

2026-09-14 03:19:28
BET PLACED — 90 on Heart of Midlothian vs Lille OSC (match 752715725) Total. 1st half Over 6.5 @ 1.62

2026-09-14 03:30:51
SETTLED — Heart of Midlothian vs Lille OSC: WON (Total. 1st half Over 6.5 total 10)

2026-09-14 04:50:05
PATTERN ARMED — Double Chance. 1st half 1X — streak ['2X', '2X']

2026-09-14 04:50:15
BET FAILED [Double Chance. 1st half 1X] — match 752726915: request failed: Client error '400 Bad Request' for 
url 'https://1xbet.cm/service-api/LiveBet/Secure/MakeBetWeb'
For more information check: https://developer.mozilla.org/en-US/docs/Web/HTTP/Status/400

2026-09-14 07:19:52
PATTERN ARMED — Total. 1st half Over 6.5 — streak [6, 5]

2026-09-14 07:19:56
BET PLACED — 90 on West Ham United vs Basel (match 752745376) Total. 1st half Over 6.5 @ 1.61

2026-09-14 07:30:08
SETTLED — West Ham United vs Basel: LOST (Total. 1st half Over 6.5 total 6)

2026-09-14 08:00:31
PATTERN ARMED — Double Chance. 1st half 1X — streak ['2X', '2X']

2026-09-14 08:00:34
BET PLACED — 90 on Eintracht Frankfurt vs West Ham United (match 752751627) Double Chance. 1st half 1X @ 1.58

2026-09-14 08:09:54
SETTLED — Eintracht Frankfurt vs West Ham United: LOST (Double Chance. 1st half 1X total 6)

2026-09-14 08:19:55
PATTERN ARMED — Total. 1st half Over 6.5 — streak [6, 5]

2026-09-14 08:19:58
BET PLACED — 90 on Braga vs Fiorentina (match 752754983) Total. 1st half Over 6.5 @ 1.53

2026-09-14 08:30:29
SETTLED — Braga vs Fiorentina: WON (Total. 1st half Over 6.5 total 8)

2026-09-14 09:10:20
PATTERN ARMED — Total. 1st half Over 6.5 — streak [6, 6]

2026-09-14 09:10:26
BET FAILED [Total. 1st half Over 6.5] — match 752765266: odds lookup failed: Server disconnected without 
sending a response.

2026-09-14 09:20:07
PATTERN ARMED — Double Chance. 1st half 1X — streak ['2X', '2X']

2026-09-14 09:20:14
BET PLACED — 90 on Chelsea vs Heart of Midlothian (match 752766859) Double Chance. 1st half 1X @ 1.36

2026-09-14 09:29:51
SETTLED — Chelsea vs Heart of Midlothian: WON (Double Chance. 1st half 1X total 5)

2026-09-14 10:12:15
PATTERN ARMED — Double Chance. 1st half 1X — streak ['2X', '2X']

2026-09-14 10:12:22
BET PLACED — 90 on West Ham United vs AZ Alkmaar (match 752776728) Double Chance. 1st half 1X @ 1.38

2026-09-14 10:21:23
SETTLED — West Ham United vs AZ Alkmaar: WON (Double Chance. 1st half 1X total 11)

2026-09-14 11:50:04
PATTERN ARMED — Double Chance. 1st half 1X — streak ['2X', '2X']

2026-09-14 11:50:10
BET PLACED — 90 on Heart of Midlothian vs Fenerbahce (match 752796328) Double Chance. 1st half 1X @ 1.89

2026-09-14 13:59:56
PATTERN ARMED — Total. 1st half Over 6.5 — streak [6, 5]

2026-09-14 14:00:04
BET PLACED — 90 on Braga vs Villarreal (match 752823974) Total. 1st half Over 6.5 @ 1.38

2026-09-14 14:10:25
SETTLED — Braga vs Villarreal: WON (Total. 1st half Over 6.5 total 7)

2026-09-14 14:29:25
PATTERN ARMED — Total. 1st half Over 6.5 — streak [3, 4]

2026-09-14 14:29:34
BET PLACED — 90 on Red Bull vs Anderlecht (match 752829070) Total. 1st half Over 6.5 @ 1.46

2026-09-14 14:40:27
SETTLED — Red Bull vs Anderlecht: WON (Total. 1st half Over 6.5 total 7)

2026-09-14 15:40:11
PATTERN ARMED — Total. 1st half Over 6.5 — streak [6, 6]

2026-09-14 15:40:17
BET PLACED — 90 on Heart of Midlothian vs Anderlecht (match 752842968) Total. 1st half Over 6.5 @ 1.56

2026-09-14 15:49:09
SETTLED — Heart of Midlothian vs Anderlecht: LOST (Total. 1st half Over 6.5 total 3)

2026-09-14 16:54:57
PATTERN ARMED — Double Chance. 1st half 1X — streak ['2X', '2X']

2026-09-14 17:08:50
BET FAILED [Double Chance. 1st half 1X] — match 752853373: auth read failed: BrowserType.connect_over_cdp: 
Timeout 180000ms exceeded.
Call log:
  - <ws preparing> retrieving websocket url from http://127.0.0.1:9222
  - <ws connecting> ws://127.0.0.1:9222/devtools/browser/3d2368d1-80cb-4624-8e08-2f0bfd3bec66


2026-09-14 17:20:28
PATTERN ARMED — Double Chance. 1st half 1X — streak ['2X', '2X']

2026-09-14 17:24:07
BET FAILED [Double Chance. 1st half 1X] — match 752864753: auth read failed: BrowserType.connect_over_cdp: 
Timeout 180000ms exceeded.
Call log:
  - <ws preparing> retrieving websocket url from http://127.0.0.1:9222
  - <ws connecting> ws://127.0.0.1:9222/devtools/browser/3d2368d1-80cb-4624-8e08-2f0bfd3bec66
  - <ws connected> ws://127.0.0.1:9222/devtools/browser/3d2368d1-80cb-4624-8e08-2f0bfd3bec66


2026-09-14 17:59:35
PATTERN ARMED — Total. 1st half Over 6.5 — streak [5, 4]

2026-09-14 17:59:55
BET FAILED [Total. 1st half Over 6.5] — match 752873326: odds lookup failed: 

2026-09-14 18:30:00
PATTERN ARMED — Total. 1st half Over 6.5 — streak [3, 5]

2026-09-14 18:30:04
BET PLACED — 90 on Chelsea vs Anderlecht (match 752879419) Total. 1st half Over 6.5 @ 1.51

2026-09-14 18:41:19
SETTLED — Chelsea vs Anderlecht: WON (Total. 1st half Over 6.5 total 12)

2026-09-14 21:09:48
PATTERN ARMED — Total. 1st half Over 6.5 — streak [6, 5]

2026-09-14 21:09:52
BET PLACED — 90 on Olympiacos vs Fiorentina (match 752912212) Total. 1st half Over 6.5 @ 1.72

2026-09-14 21:19:18
SETTLED — Olympiacos vs Fiorentina: LOST (Total. 1st half Over 6.5 total 3)

2026-09-14 21:40:04
PATTERN ARMED — Total. 1st half Over 6.5 — streak [4, 6]

2026-09-14 21:40:11
BET PLACED — 90 on Chelsea vs Nice (match 752917408) Total. 1st half Over 6.5 @ 1.84

2026-09-14 21:50:20
SETTLED — Chelsea vs Nice: WON (Total. 1st half Over 6.5 total 7)

2026-09-14 22:09:42
PATTERN ARMED — Total. 1st half Over 6.5 — streak [5, 5]

2026-09-14 22:09:45
BET PLACED — 90 on Red Bull vs Eintracht Frankfurt (match 752921297) Total. 1st half Over 6.5 @ 1.46

2026-09-14 22:20:18
SETTLED — Red Bull vs Eintracht Frankfurt: WON (Total. 1st half Over 6.5 total 8)

2026-09-14 22:40:50
PATTERN ARMED — Double Chance. 1st half 1X — streak ['2X', '2X']

2026-09-14 22:40:53
BET PLACED — 90 on Borussia Monchengladbach vs Olympiacos (match 752926827) Double Chance. 1st half 1X @ 1.70

2026-09-14 22:49:02
SETTLED — Borussia Monchengladbach vs Olympiacos: LOST (Double Chance. 1st half 1X total 3)

2026-09-14 23:20:12
PATTERN ARMED — Total. 1st half Over 6.5 — streak [6, 6]

2026-09-14 23:20:18
BET PLACED — 90 on Basel vs Roma (match 752932851) Total. 1st half Over 6.5 @ 1.48

2026-09-14 23:29:21
SETTLED — Basel vs Roma: LOST (Total. 1st half Over 6.5 total 3)

2026-09-14 23:29:21
PATTERN ARMED — Double Chance. 1st half 1X — streak ['2X', '2X']

2026-09-14 23:29:26
BET PLACED — 90 on Villarreal vs Chelsea (match 752933525) Double Chance. 1st half 1X @ 1.69

2026-09-14 23:40:13
SETTLED — Villarreal vs Chelsea: WON (Double Chance. 1st half 1X total 7)

2026-09-15 01:10:56
PATTERN ARMED — Double Chance. 1st half 1X — streak ['2X', '2X']

2026-09-15 01:11:03
BET PLACED — 90 on Heart of Midlothian vs AZ Alkmaar (match 752949454) Double Chance. 1st half 1X @ 1.63

2026-09-15 01:20:18
SETTLED — Heart of Midlothian vs AZ Alkmaar: WON (Double Chance. 1st half 1X total 7)

2026-09-15 01:40:48
PATTERN ARMED — Double Chance. 1st half 1X — streak ['2X', '2X']

2026-09-15 01:40:58
BET PLACED — 90 on Lille OSC vs Olympiacos (match 752953414) Double Chance. 1st half 1X @ 1.49

2026-09-15 01:49:50
SETTLED — Lille OSC vs Olympiacos: WON (Double Chance. 1st half 1X total 5)

2026-09-15 02:39:23
PATTERN ARMED — Total. 1st half Over 6.5 — streak [2, 4]

2026-09-15 02:39:29
BET PLACED — 90 on Villarreal vs Celta (match 752963103) Total. 1st half Over 6.5 @ 1.65

2026-09-15 02:50:48
SETTLED — Villarreal vs Celta: WON (Total. 1st half Over 6.5 total 9)

2026-09-15 03:30:06
PATTERN ARMED — Total. 1st half Over 6.5 — streak [4, 6]

2026-09-15 03:30:14
BET PLACED — 90 on Fiorentina vs Villarreal (match 752970112) Total. 1st half Over 6.5 @ 1.52

2026-09-15 03:41:08
SETTLED — Fiorentina vs Villarreal: WON (Total. 1st half Over 6.5 total 10)

2026-09-15 03:59:26
PATTERN ARMED — Total. 1st half Over 6.5 — streak [4, 3]

2026-09-15 03:59:31
BET PLACED — 90 on Chelsea vs AZ Alkmaar (match 752974058) Total. 1st half Over 6.5 @ 1.89

2026-09-15 04:10:11
SETTLED — Chelsea vs AZ Alkmaar: WON (Total. 1st half Over 6.5 total 7)

2026-09-15 04:30:49
PATTERN ARMED — Double Chance. 1st half 1X — streak ['2X', '2X']

2026-09-15 04:31:42
BET PLACED — 90 on Red Bull vs Lille OSC (match 752977279) Double Chance. 1st half 1X @ 1.50

2026-09-15 04:40:49
SETTLED — Red Bull vs Lille OSC: WON (Double Chance. 1st half 1X total 9)

2026-09-15 04:59:37
PATTERN ARMED — Total. 1st half Over 6.5 — streak [3, 6]

2026-09-15 09:01:15
PATTERN ARMED — Double Chance. 1st half 1X — streak ['2X', '2X']

2026-09-15 09:01:31
BET PLACED — 90 on Villarreal vs Nice (match 753018193) Double Chance. 1st half 1X @ 1.48

2026-09-15 09:11:01
SETTLED — Villarreal vs Nice: WON (Double Chance. 1st half 1X total 9)

2026-09-15 10:09:57
PATTERN ARMED — Total. 1st half Over 6.5 — streak [6, 6]

2026-09-15 10:10:06
BET PLACED — 90 on Fenerbahce vs Lille OSC (match 753032447) Total. 1st half Over 6.5 @ 1.62

2026-09-15 10:19:45
SETTLED — Fenerbahce vs Lille OSC: LOST (Total. 1st half Over 6.5 total 6)

2026-09-15 10:29:51
PATTERN ARMED — Double Chance. 1st half 1X — streak ['2X', '2X']

2026-09-15 10:29:55
BET PLACED — 90 on Roma vs Heart of Midlothian (match 753036348) Double Chance. 1st half 1X @ 1.31

2026-09-15 10:39:00
SETTLED — Roma vs Heart of Midlothian: WON (Double Chance. 1st half 1X total 2)

2026-09-15 10:39:00
PATTERN ARMED — Total. 1st half Over 6.5 — streak [5, 2]

2026-09-15 10:39:10
BET FAILED [Total. 1st half Over 6.5] — match 753039020: odds lookup failed: Server disconnected without 
sending a response.

2026-09-15 11:50:36
PATTERN ARMED — Double Chance. 1st half 1X — streak ['2X', '2X']

2026-09-15 11:50:43
BET PLACED — 90 on Eintracht Frankfurt vs Nice (match 753054550) Double Chance. 1st half 1X @ 1.49

2026-09-15 11:59:46
SETTLED — Eintracht Frankfurt vs Nice: LOST (Double Chance. 1st half 1X total 5)

2026-09-15 12:09:52
PATTERN ARMED — Total. 1st half Over 6.5 — streak [5, 6]

2026-09-15 12:09:59
BET PLACED — 90 on Olympiacos vs Basel (match 753058497) Total. 1st half Over 6.5 @ 1.47

2026-09-15 12:20:52
SETTLED — Olympiacos vs Basel: WON (Total. 1st half Over 6.5 total 10)

2026-09-15 17:12:01
PATTERN ARMED — Double Chance. 1st half 1X — streak ['2X', '2X']

2026-09-15 17:12:08
BET FAILED [Double Chance. 1st half 1X] — match 753126476: odds lookup failed: Server disconnected without 
sending a response.

2026-09-15 17:39:13
PATTERN ARMED — Total. 1st half Over 6.5 — streak [6, 3]

2026-09-15 17:39:18
BET PLACED — 90 on Olympiacos vs Chelsea (match 753134655) Total. 1st half Over 6.5 @ 1.68

2026-09-15 17:50:11
SETTLED — Olympiacos vs Chelsea: LOST (Total. 1st half Over 6.5 total 6)

2026-09-15 18:50:12
PATTERN ARMED — Double Chance. 1st half 1X — streak ['2X', '2X']

2026-09-15 18:50:15
BET PLACED — 90 on Red Bull vs Basel (match 753149072) Double Chance. 1st half 1X @ 1.19

2026-09-15 19:00:11
SETTLED — Red Bull vs Basel: WON (Double Chance. 1st half 1X total 7)

2026-09-15 20:09:01
PATTERN ARMED — Total. 1st half Over 6.5 — streak [5, 2]

2026-09-15 20:09:04
BET FAILED [Total. 1st half Over 6.5] — match 753168561: auth read failed: no access_token cookie -- is the 
browser logged in?

2026-09-15 21:59:43
PATTERN ARMED — Total. 1st half Over 6.5 — streak [6, 5]

2026-09-15 21:59:50
BET PLACED — 90 on Heart of Midlothian vs Basel (match 753192517) Total. 1st half Over 6.5 @ 1.76

2026-09-15 22:10:06
SETTLED — Heart of Midlothian vs Basel: LOST (Total. 1st half Over 6.5 total 6)

2026-09-15 22:30:06
PATTERN ARMED — Total. 1st half Over 6.5 — streak [6, 6]

2026-09-15 22:30:11
BET PLACED — 90 on Anderlecht vs Villarreal (match 753197743) Total. 1st half Over 6.5 @ 1.50

2026-09-15 22:40:03
SETTLED — Anderlecht vs Villarreal: LOST (Total. 1st half Over 6.5 total 6)

2026-09-15 23:00:00
PATTERN ARMED — Total. 1st half Over 6.5 — streak [5, 6]

2026-09-15 23:00:08
BET FAILED [Total. 1st half Over 6.5] — match 753202418: odds lookup failed: 

2026-09-15 23:09:33
PATTERN ARMED — Double Chance. 1st half 1X — streak ['2X', '2X']

2026-09-15 23:09:39
BET PLACED — 90 on Basel vs Nice (match 753203903) Double Chance. 1st half 1X @ 1.81

2026-09-15 23:26:52
SETTLED — Basel vs Nice: WON (Double Chance. 1st half 1X total 10)

2026-09-16 00:19:49
PATTERN ARMED — Double Chance. 1st half 1X — streak ['2X', '2X']

2026-09-16 00:19:59
BET FAILED [Double Chance. 1st half 1X] — match 753215362: odds lookup failed: Server disconnected without 
sending a response.

2026-09-16 00:29:42
PATTERN ARMED — Total. 1st half Over 6.5 — streak [5, 4]

2026-09-16 00:29:47
BET PLACED — 90 on Red Bull vs Fenerbahce (match 753216993) Total. 1st half Over 6.5 @ 1.62

2026-09-16 00:40:19
SETTLED — Red Bull vs Fenerbahce: WON (Total. 1st half Over 6.5 total 7)

2026-09-16 00:59:59
PATTERN ARMED — Double Chance. 1st half 1X — streak ['2X', '2X']

2026-09-16 01:00:08
BET FAILED [Double Chance. 1st half 1X] — match 753222038: odds lookup failed: Server disconnected without 
sending a response.

2026-09-16 03:55:23
PATTERN ARMED — Total. 1st half Over 6.5 — streak [6, 3]

2026-09-16 03:55:32
BET FAILED [Total. 1st half Over 6.5] — match 753226551: auth read failed: no access_token cookie -- is the 
browser logged in?

2026-09-16 04:49:57
PATTERN ARMED — Total. 1st half Over 6.5 — streak [5, 6]

2026-09-16 04:50:15
BET FAILED [Total. 1st half Over 6.5] — match 753255239: odds lookup failed: Server disconnected without 
sending a response.

2026-09-16 05:40:28
PATTERN ARMED — Double Chance. 1st half 1X — streak ['2X', '2X']

2026-09-16 05:41:09
BET PLACED — 90 on Braga vs Heart of Midlothian (match 753262013) Double Chance. 1st half 1X @ 1.43

2026-09-16 05:49:30
SETTLED — Braga vs Heart of Midlothian: WON (Double Chance. 1st half 1X total 4)

2026-09-16 06:49:33
PATTERN ARMED — Total. 1st half Over 6.5 — streak [6, 4]

2026-09-16 06:50:11
BET PLACED — 90 on Eintracht Frankfurt vs Fenerbahce (match 753271423) Total. 1st half Over 6.5 @ 1.70

2026-09-16 06:50:11
PATTERN ARMED — Double Chance. 1st half 1X — streak ['2X', '2X']

2026-09-16 06:50:11
BET FAILED [Double Chance. 1st half 1X] — match 753271423: mutual exclusion: match 753271423 already targeted 
by 1st_half_over_6.5_streak

2026-09-16 06:59:56
SETTLED — Eintracht Frankfurt vs Fenerbahce: WON (Total. 1st half Over 6.5 total 8)

2026-09-16 08:40:12
PATTERN ARMED — Total. 1st half Over 6.5 — streak [5, 6]

2026-09-16 08:40:19
BET PLACED — 90 on Chelsea vs Nice (match 753291726) Total. 1st half Over 6.5 @ 1.84

2026-09-16 08:51:20
SETTLED — Chelsea vs Nice: WON (Total. 1st half Over 6.5 total 10)

2026-09-16 09:19:31
PATTERN ARMED — Double Chance. 1st half 1X — streak ['2X', '2X']

2026-09-16 09:19:35
BET PLACED — 90 on Heart of Midlothian vs Red Bull (match 753299122) Double Chance. 1st half 1X @ 1.91

2026-09-16 09:29:34
SETTLED — Heart of Midlothian vs Red Bull: LOST (Double Chance. 1st half 1X total 5)

2026-09-16 09:29:34
PATTERN ARMED — Total. 1st half Over 6.5 — streak [4, 5]

2026-09-16 09:29:46
BET PLACED — 90 on Nice vs Fiorentina (match 753300980) Total. 1st half Over 6.5 @ 1.59

2026-09-16 10:09:56
PATTERN ARMED — Double Chance. 1st half 1X — streak ['2X', '2X']

2026-09-16 10:10:00
BET FAILED [Double Chance. 1st half 1X] — match 753303554: auth read failed: no access_token cookie -- is the 
browser logged in?

2026-09-16 10:19:38
PATTERN ARMED — Total. 1st half Over 6.5 — streak [5, 5]

2026-09-16 10:19:38
BET FAILED [Total. 1st half Over 6.5] — match 753303554: mutual exclusion: match 753303554 already targeted by
1st_half_winner_2x_streak

2026-09-16 10:50:27
PATTERN ARMED — Double Chance. 1st half 1X — streak ['2X', '2X']

2026-09-16 11:20:35
PATTERN ARMED — Double Chance. 1st half 1X — streak ['2X', '2X']

2026-09-16 11:59:25
PATTERN ARMED — Total. 1st half Over 6.5 — streak [5, 4]

2026-09-16 12:50:33
PATTERN ARMED — Double Chance. 1st half 1X — streak ['2X', '2X']

2026-09-16 13:20:03
PATTERN ARMED — Double Chance. 1st half 1X — streak ['2X', '2X']

2026-09-16 13:39:49
PATTERN ARMED — Total. 1st half Over 6.5 — streak [4, 5]

2026-09-16 13:51:11
PATTERN ARMED — Double Chance. 1st half 1X — streak ['2X', '2X']

2026-09-16 14:30:50
PATTERN ARMED — Double Chance. 1st half 1X — streak ['2X', '2X']

2026-09-16 14:30:57
BET PLACED — 90 on Fiorentina vs Villarreal (match 753372616) Double Chance. 1st half 1X @ 1.45

2026-09-16 14:41:00
SETTLED — Fiorentina vs Villarreal: WON (Double Chance. 1st half 1X total 10)

2026-09-16 15:49:52
PATTERN ARMED — Total. 1st half Over 6.5 — streak [6, 5]

2026-09-16 15:50:00
BET PLACED — 90 on Lille OSC vs Fiorentina (match 753392657) Total. 1st half Over 6.5 @ 1.53

2026-09-16 16:01:13
SETTLED — Lille OSC vs Fiorentina: WON (Total. 1st half Over 6.5 total 10)

2026-09-16 17:00:43
PATTERN ARMED — Double Chance. 1st half 1X — streak ['2X', '2X']

2026-09-16 17:00:48
BET PLACED — 90 on Braga vs Olympiacos (match 753407704) Double Chance. 1st half 1X @ 1.61

2026-09-16 17:09:12
SETTLED — Braga vs Olympiacos: WON (Double Chance. 1st half 1X total 3)

2026-09-16 17:19:39
PATTERN ARMED — Total. 1st half Over 6.5 — streak [3, 5]

2026-09-16 17:19:43
BET PLACED — 90 on Fiorentina vs Borussia Monchengladbach (match 753413582) Total. 1st half Over 6.5 @ 1.38

2026-09-16 17:30:22
SETTLED — Fiorentina vs Borussia Monchengladbach: WON (Total. 1st half Over 6.5 total 8)

2026-09-16 17:30:22
PATTERN ARMED — Double Chance. 1st half 1X — streak ['2X', '2X']

2026-09-16 17:31:41
BET PLACED — 90 on Red Bull vs Lille OSC (match 753416440) Double Chance. 1st half 1X @ 1.50

2026-09-16 17:41:45
SETTLED — Red Bull vs Lille OSC: LOST (Double Chance. 1st half 1X total 13)

2026-09-16 18:00:24
PATTERN ARMED — Double Chance. 1st half 1X — streak ['2X', '2X']

2026-09-16 18:00:30
BET PLACED — 90 on Nice vs Eintracht Frankfurt (match 753423885) Double Chance. 1st half 1X @ 1.57

2026-09-16 18:10:44
SETTLED — Nice vs Eintracht Frankfurt: LOST (Double Chance. 1st half 1X total 8)

2026-09-16 18:30:17
PATTERN ARMED — Total. 1st half Over 6.5 — streak [6, 6]

2026-09-16 18:31:35
BET PLACED — 90 on Heart of Midlothian vs Villarreal (match 753432009) Total. 1st half Over 6.5 @ 1.60

2026-09-16 18:39:36
SETTLED — Heart of Midlothian vs Villarreal: LOST (Total. 1st half Over 6.5 total 4)

2026-09-16 19:01:14
PATTERN ARMED — Double Chance. 1st half 1X — streak ['2X', '2X']

2026-09-16 19:01:19
BET PLACED — 90 on Fiorentina vs Basel (match 753438146) Double Chance. 1st half 1X @ 1.26

2026-09-16 19:11:01
SETTLED — Fiorentina vs Basel: WON (Double Chance. 1st half 1X total 9)

2026-09-16 19:40:31
PATTERN ARMED — Double Chance. 1st half 1X — streak ['2X', '2X']

2026-09-16 19:40:45
BET PLACED — 90 on Fenerbahce vs West Ham United (match 753449231) Double Chance. 1st half 1X @ 1.55

2026-09-16 19:49:14
SETTLED — Fenerbahce vs West Ham United: WON (Double Chance. 1st half 1X total 3)

2026-09-16 20:19:54
PATTERN ARMED — Total. 1st half Over 6.5 — streak [5, 6]

2026-09-16 20:20:01
BET FAILED [Total. 1st half Over 6.5] — match 753458952: odds lookup failed: Server disconnected without 
sending a response.

2026-09-16 20:51:16
PATTERN ARMED — Double Chance. 1st half 1X — streak ['2X', '2X']

2026-09-16 20:51:20
BET PLACED — 90 on Villarreal vs Nice (match 753466610) Double Chance. 1st half 1X @ 1.48

2026-09-16 20:59:34
SETTLED — Villarreal vs Nice: WON (Double Chance. 1st half 1X total 4)

2026-09-16 21:59:51
PATTERN ARMED — Total. 1st half Over 6.5 — streak [6, 5]

2026-09-16 22:00:00
BET PLACED — 90 on Red Bull vs Olympiacos (match 753479700) Total. 1st half Over 6.5 @ 1.55

2026-09-16 22:59:12
PATTERN ARMED — Double Chance. 1st half 1X — streak ['2X', '2X']

2026-09-16 22:59:22
BET FAILED [Double Chance. 1st half 1X] — match 753490160: odds lookup failed: 

2026-09-16 23:10:25
PATTERN ARMED — Total. 1st half Over 6.5 — streak [2, 6]

2026-09-16 23:10:29
BET PLACED — 90 on Celta vs Red Bull (match 753491576) Total. 1st half Over 6.5 @ 1.66

2026-09-16 23:19:44
SETTLED — Celta vs Red Bull: LOST (Total. 1st half Over 6.5 total 4)

2026-09-16 23:41:44
PATTERN ARMED — Double Chance. 1st half 1X — streak ['2X', '2X']

2026-09-16 23:41:49
BET PLACED — 90 on Borussia Monchengladbach vs Nice (match 753496215) Double Chance. 1st half 1X @ 1.49

2026-09-16 23:46:59
PATTERN ARMED — Total. Main game Under 16.5 — streak [6, 11, 12, 9]

2026-09-16 23:50:43
SETTLED — Borussia Monchengladbach vs Nice: WON (Double Chance. 1st half 1X total 8)

2026-09-16 23:54:52
BET FAILED [Total. Main game Under 16.5] — match 753498575: odds lookup failed: 

2026-09-17 00:16:19
PATTERN ARMED — Total. Main game Under 16.5 — streak [14, 9, 11, 7]

2026-09-17 00:16:42
BET FAILED [Total. Main game Under 16.5] — match 753503266: odds lookup failed: Server disconnected without 
sending a response.

2026-09-17 00:19:48
PATTERN ARMED — Double Chance. 1st half 1X — streak ['2X', '2X']

2026-09-17 00:19:51
BET PLACED — 90 on Anderlecht vs Lille OSC (match 753503266) Double Chance. 1st half 1X @ 1.67

2026-09-17 00:31:22
SETTLED — Anderlecht vs Lille OSC: LOST (Double Chance. 1st half 1X total 11)

2026-09-17 02:20:56
PATTERN ARMED — Double Chance. 1st half 1X — streak ['2X', '2X']

2026-09-17 02:20:59
BET PLACED — 90 on Celta vs Heart of Midlothian (match 753523255) Double Chance. 1st half 1X @ 1.50

2026-09-17 02:30:16
SETTLED — Celta vs Heart of Midlothian: WON (Double Chance. 1st half 1X total 7)

2026-09-17 03:09:30
PATTERN ARMED — Total. 1st half Over 6.5 — streak [6, 4]

2026-09-17 03:09:33
BET PLACED — 90 on West Ham United vs Lille OSC (match 753530792) Total. 1st half Over 6.5 @ 1.71

2026-09-17 03:20:28
SETTLED — West Ham United vs Lille OSC: WON (Total. 1st half Over 6.5 total 8)

2026-09-17 05:19:36
PATTERN ARMED — Total. 1st half Over 6.5 — streak [5, 4]

2026-09-17 05:19:39
BET PLACED — 90 on AZ Alkmaar vs Nice (match 753550479) Total. 1st half Over 6.5 @ 1.81

2026-09-17 05:30:13
SETTLED — AZ Alkmaar vs Nice: LOST (Total. 1st half Over 6.5 total 6)

2026-09-17 06:27:05
PATTERN ARMED — Total. Main game Under 16.5 — streak [10, 8, 10, 11]

2026-09-17 06:33:25
BET FAILED [Total. Main game Under 16.5] — match 753560263: odds never reached 1.5 within 360.0s (last seen: 
1.35)

2026-09-17 08:35:43
PATTERN ARMED — Total. Main game Under 16.5 — streak [10, 11, 9, 7]

2026-09-17 08:42:10
BET FAILED [Total. Main game Under 16.5] — match 753583560: odds never reached 1.5 within 360.0s (last seen: 
1.304)

2026-09-18 09:32:55
PATTERN ARMED — Total. 1st half Over 6.5 — streak [4, 3]

2026-09-18 09:32:58
BET FAILED [Total. 1st half Over 6.5] — match 753878280: auth read failed: no access_token cookie -- is the 
browser logged in?

2026-09-18 11:45:25
PATTERN ARMED — Total. Main game Under 15.5 — streak [11, 10, 3, 11]

2026-09-18 11:45:30
BET PLACED — 90 on Fenerbahce vs Braga (match 753909329) Total. Main game Under 15.5 @ 1.66

2026-09-18 12:04:13
SETTLED — Fenerbahce vs Braga: WON (Total. Main game Under 15.5 total 9)

2026-09-18 12:09:32
PATTERN ARMED — Total. 1st half Over 6.5 — streak [6, 4]

2026-09-18 12:09:36
BET PLACED — 90 on Borussia Monchengladbach vs Villarreal (match 753913975) Total. 1st half Over 6.5 @ 1.64

2026-09-18 12:20:39
SETTLED — Borussia Monchengladbach vs Villarreal: WON (Total. 1st half Over 6.5 total 8)

2026-09-18 13:29:35
PATTERN ARMED — Total. 1st half Over 6.5 — streak [6, 4]

2026-09-18 13:29:38
BET PLACED — 90 on Basel vs West Ham United (match 753932823) Total. 1st half Over 6.5 @ 1.69

2026-09-18 13:40:34
SETTLED — Basel vs West Ham United: WON (Total. 1st half Over 6.5 total 8)

2026-09-18 14:06:32
PATTERN ARMED — Total. Main game Under 15.5 — streak [4, 9, 12, 9]

2026-09-18 14:12:44
BET FAILED [Total. Main game Under 15.5] — match 753949008: odds lookup failed: Server disconnected without 
sending a response.

2026-09-18 16:09:23
PATTERN ARMED — Total. 1st half Over 6.5 — streak [6, 3]

2026-09-18 16:11:15
BET PLACED — 90 on AZ Alkmaar vs Celta (match 753980904) Total. 1st half Over 6.5 @ 1.76

2026-09-18 16:20:41
SETTLED — AZ Alkmaar vs Celta: LOST (Total. 1st half Over 6.5 total 6)

2026-09-18 17:19:03
PATTERN ARMED — Total. 1st half Over 6.5 — streak [6, 2]

2026-09-18 17:19:42
BET PLACED — 90 on Anderlecht vs Olympiacos (match 754000605) Total. 1st half Over 6.5 @ 1.46

2026-09-18 17:29:53
SETTLED — Anderlecht vs Olympiacos: LOST (Total. 1st half Over 6.5 total 6)

2026-09-18 19:49:28
PATTERN ARMED — Total. 1st half Over 6.5 — streak [6, 4]

2026-09-18 19:50:59
BET PLACED — 90 on Celta vs Fiorentina (match 754042522) Total. 1st half Over 6.5 @ 1.75

2026-09-18 20:00:17
SETTLED — Celta vs Fiorentina: WON (Total. 1st half Over 6.5 total 7)

2026-09-18 20:59:47
PATTERN ARMED — Total. 1st half Over 6.5 — streak [5, 4]

2026-09-18 20:59:53
BET PLACED — 90 on Eintracht Frankfurt vs Roma (match 754064279) Total. 1st half Over 6.5 @ 1.41

2026-09-18 21:11:00
SETTLED — Eintracht Frankfurt vs Roma: WON (Total. 1st half Over 6.5 total 9)

2026-09-19 00:19:11
PATTERN ARMED — Total. 1st half Over 6.5 — streak [3, 3]

2026-09-19 00:19:15
BET PLACED — 90 on Roma vs Nice (match 754100213) Total. 1st half Over 6.5 @ 1.49

2026-09-19 00:31:07
SETTLED — Roma vs Nice: WON (Total. 1st half Over 6.5 total 10)

2026-09-19 02:35:23
PATTERN ARMED — Total. Main game Under 15.5 — streak [9, 9, 6, 9]

2026-09-19 02:41:29
BET FAILED [Total. Main game Under 15.5] — match 754125304: odds never reached 1.5 within 360.0s (last seen: 
1.425)

2026-09-19 03:09:48
PATTERN ARMED — Total. 1st half Over 6.5 — streak [6, 4]

2026-09-19 03:09:52
BET PLACED — 90 on Borussia Monchengladbach vs Nice (match 754130211) Total. 1st half Over 6.5 @ 1.62

2026-09-19 03:20:24
SETTLED — Borussia Monchengladbach vs Nice: LOST (Total. 1st half Over 6.5 total 6)

2026-09-19 09:35:08
PATTERN ARMED — Total. 1st half Over 6.5 — streak [5, 4]

2026-09-19 09:36:30
BET FAILED [Total. 1st half Over 6.5] — match 754135453: market not open (stale-fire guard)

2026-09-19 10:29:03
PATTERN ARMED — Total. 1st half Over 6.5 — streak [4, 2]

2026-09-19 10:29:07
BET PLACED — 90 on Red Bull vs Fenerbahce (match 754208658) Total. 1st half Over 6.5 @ 1.62

2026-09-19 10:39:46
SETTLED — Red Bull vs Fenerbahce: LOST (Total. 1st half Over 6.5 total 5)

2026-09-19 11:26:20
PATTERN ARMED — Total. Main game Under 15.5 — streak [16, 14, 7, 11]

2026-09-19 11:30:35
BET FAILED [Total. Main game Under 15.5] — match 754225390: odds lookup failed: Server disconnected without 
sending a response.

2026-09-19 12:49:57
PATTERN ARMED — Total. 1st half Over 6.5 — streak [5, 6]

2026-09-19 12:50:00
BET PLACED — 90 on Chelsea vs Celta (match 754247605) Total. 1st half Over 6.5 @ 1.75

2026-09-19 13:00:45
SETTLED — Chelsea vs Celta: WON (Total. 1st half Over 6.5 total 9)

2026-09-19 13:47:00
PATTERN ARMED — Total. Main game Under 15.5 — streak [11, 3, 9, 11]

2026-09-19 13:47:05
BET PLACED — 90 on Red Bull vs Braga (match 754264501) Total. Main game Under 15.5 @ 1.94

2026-09-19 14:04:12
SETTLED — Red Bull vs Braga: WON (Total. Main game Under 15.5 total 9)

2026-09-19 14:29:19
PATTERN ARMED — Total. 1st half Over 6.5 — streak [3, 3]

2026-09-19 14:29:23
BET PLACED — 90 on Celta vs Nice (match 754276522) Total. 1st half Over 6.5 @ 1.67

2026-09-19 14:40:51
SETTLED — Celta vs Nice: WON (Total. 1st half Over 6.5 total 8)

2026-09-19 15:39:55
PATTERN ARMED — Total. 1st half Over 6.5 — streak [5, 6]

2026-09-19 15:40:13
BET PLACED — 90 on Olympiacos vs Celta (match 754304221) Total. 1st half Over 6.5 @ 1.67

2026-09-19 15:51:07
SETTLED — Olympiacos vs Celta: WON (Total. 1st half Over 6.5 total 9)

2026-09-19 16:09:11
PATTERN ARMED — Total. 1st half Over 6.5 — streak [3, 2]

2026-09-19 16:10:00
BET PLACED — 90 on Roma vs Fenerbahce (match 754313580) Total. 1st half Over 6.5 @ 1.45

2026-09-19 16:21:12
SETTLED — Roma vs Fenerbahce: WON (Total. 1st half Over 6.5 total 9)

2026-09-19 23:22:58
PATTERN ARMED — Total. 1st half Over 6.5 — streak [6, 6]

2026-09-19 23:23:12
BET PLACED — 90 on Fenerbahce vs Villarreal (match 754428204) Total. 1st half Over 6.5 @ 1.54

2026-09-19 23:30:46
SETTLED — Fenerbahce vs Villarreal: WON (Total. 1st half Over 6.5 total 7)

2026-09-20 00:19:37
PATTERN ARMED — Total. 1st half Over 6.5 — streak [5, 4]

2026-09-20 00:19:41
BET PLACED — 90 on West Ham United vs Eintracht Frankfurt (match 754438804) Total. 1st half Over 6.5 @ 1.65

2026-09-20 00:31:54
SETTLED — West Ham United vs Eintracht Frankfurt: WON (Total. 1st half Over 6.5 total 13)

2026-09-20 01:32:56
PATTERN ARMED — Total. 1st half Over 6.5 — streak [6, 5]

2026-09-20 01:33:08
BET FAILED [Total. 1st half Over 6.5] — match 754447707: market not open (stale-fire guard)

2026-09-20 01:39:38
PATTERN ARMED — Total. 1st half Over 6.5 — streak [5, 4]

2026-09-20 01:39:44
BET PLACED — 90 on Fiorentina vs Red Bull (match 754453190) Total. 1st half Over 6.5 @ 1.47

2026-09-20 01:52:26
SETTLED — Fiorentina vs Red Bull: WON (Total. 1st half Over 6.5 total 13)

2026-09-20 03:09:52
PATTERN ARMED — Total. 1st half Over 6.5 — streak [6, 4]

2026-09-20 03:12:11
BET PLACED — 90 on Red Bull vs West Ham United (match 754468575) Total. 1st half Over 6.5 @ 1.64

2026-09-20 03:20:00
SETTLED — Red Bull vs West Ham United: LOST (Total. 1st half Over 6.5 total 6)

2026-09-20 03:59:23
PATTERN ARMED — Total. 1st half Over 6.5 — streak [6, 3]

2026-09-20 03:59:35
BET PLACED — 90 on Celta vs Anderlecht (match 754476191) Total. 1st half Over 6.5 @ 1.63

2026-09-20 04:09:37
SETTLED — Celta vs Anderlecht: LOST (Total. 1st half Over 6.5 total 4)

2026-09-20 04:25:54
PATTERN ARMED — Total. Main game Under 16.5 — streak [9]

2026-09-20 04:32:47
BET FAILED [Total. Main game Under 16.5] — match 754480585: odds never reached 1.5 within 360.0s (last seen: 
1.37)

2026-09-20 04:35:03
PATTERN ARMED — Total. Main game Under 15.5 — streak [10, 10, 9, 5]

2026-09-20 04:35:23
BET PLACED — 90 on Fiorentina vs Olympiacos (match 754480585) Total. Main game Under 15.5 @ 1.62

2026-09-20 04:45:02
SETTLED — Fiorentina vs Olympiacos: WON (Total. Main game Under 15.5 total 13)

2026-09-20 07:15:27
PATTERN ARMED — Total. Main game Under 16.5 — streak [9]

2026-09-20 07:22:04
BET FAILED [Total. Main game Under 16.5] — match 754486248: odds never reached 1.5 within 360.0s (last seen: 
None)

2026-09-20 07:25:24
PATTERN ARMED — Total. Main game Under 15.5 — streak [9, 10, 9, 5]

2026-09-20 07:31:47
BET FAILED [Total. Main game Under 15.5] — match 754486248: odds never reached 1.5 within 360.0s (last seen: 
None)

2026-09-20 08:15:40
PATTERN ARMED — Total. Main game Under 16.5 — streak [9]

2026-09-20 08:50:07
PATTERN ARMED — Total. 1st half Over 6.5 — streak [5, 6]

2026-09-20 08:50:10
BET FAILED [Total. 1st half Over 6.5] — match 754486248: market not open (stale-fire guard)

2026-09-20 10:15:39
PATTERN ARMED — Total. Main game Under 15.5 — streak [3, 9, 10, 9]

2026-09-20 10:15:39
PATTERN ARMED — Total. Main game Under 15.5 — streak [9]

2026-09-20 10:15:43
BET PLACED — 90 on Olympiacos vs Anderlecht (match 754543094) Total. Main game Under 15.5 @ 1.85

2026-09-20 10:15:43
BET FAILED [Total. Main game Under 15.5] — match 754543094: The bet limit on this outcome has been reached. 
Please try again later

2026-09-20 10:35:02
SETTLED — Olympiacos vs Anderlecht: WON (Total. Main game Under 15.5 total 14)

2026-09-20 10:46:20
PATTERN ARMED — Total. Main game Under 15.5 — streak [9]

2026-09-20 10:46:23
BET PLACED — 90 on Anderlecht vs Basel (match 754550459) Total. Main game Under 15.5 @ 1.63

2026-09-20 11:06:00
SETTLED — Anderlecht vs Basel: LOST (Total. Main game Under 15.5 total 17)

2026-09-20 12:29:34
PATTERN ARMED — Total. 1st half Over 6.5 — streak [3, 4]

2026-09-20 12:29:35
BET FAILED [Total. 1st half Over 6.5] — match 754576012: auth read failed: no access_token cookie -- is the 
browser logged in?

2026-09-20 13:15:44
PATTERN ARMED — Total. Main game Under 15.5 — streak [9]

2026-09-20 13:15:48
BET PLACED — 90 on Basel vs Lille OSC (match 754590066) Total. Main game Under 15.5 @ 1.70

2026-09-20 13:35:28
SETTLED — Basel vs Lille OSC: LOST (Total. Main game Under 15.5 total 17)

2026-09-20 13:45:22
PATTERN ARMED — Total. Main game Under 15.5 — streak [11, 6, 9, 9]

2026-09-20 13:45:22
PATTERN ARMED — Total. Main game Under 15.5 — streak [9]

2026-09-20 13:45:31
BET PLACED — 90 on Lille OSC vs Fenerbahce (match 754598994) Total. Main game Under 15.5 @ 1.64

2026-09-20 13:45:31
BET FAILED [Total. Main game Under 15.5] — match 754598994: The bet limit on this outcome has been reached. 
Please try again later

2026-09-20 14:03:43
SETTLED — Lille OSC vs Fenerbahce: WON (Total. Main game Under 15.5 total 8)

2026-09-20 15:29:50
PATTERN ARMED — Total. 1st half Over 6.5 — streak [6, 5]

2026-09-20 15:36:05
BET FAILED [Total. 1st half Over 6.5] — match 754629978: auth read failed: BrowserType.connect_over_cdp: 
Timeout 180000ms exceeded.
Call log:
  - <ws preparing> retrieving websocket url from http://127.0.0.1:9222
  - <ws connecting> ws://127.0.0.1:9222/devtools/browser/cb1b22b2-863e-49df-bfa5-82abfbc16410
  - <ws connected> ws://127.0.0.1:9222/devtools/browser/cb1b22b2-863e-49df-bfa5-82abfbc16410


2026-09-20 15:36:12
PATTERN ARMED — Total. 2nd half Under 7.5 — streak [9, 12]

2026-09-20 15:36:12
BET FAILED [Total. 2nd half Under 7.5] — match 754629978: mutual exclusion: match 754629978 already targeted 
by 1st_half_over_6.5_streak

